[noticiasdodia.org/index.html]
[backblue.gif]
[fade.gif]
[index.html]
[noticiasdodia.org/wp-includes/css/dist/block-library/style.min6dcf.css]
[noticiasdodia.org/wp-content/themes/hello-elementor/style.mina305.css]
[noticiasdodia.org/wp-content/themes/hello-elementor/theme.mina305.css]
[noticiasdodia.org/wp-content/plugins/presto-player/dist/index.html]
[noticiasdodia.org/wp-content/plugins/elementor/assets/css/frontend-lite.min1aae.css]
[noticiasdodia.org/wp-content/uploads/elementor/css/post-60a93.css]
[noticiasdodia.org/feed/index.html]
[noticiasdodia.org/wp-content/plugins/elementor/assets/lib/eicons/css/elementor-icons.min05c8.css]
[noticiasdodia.org/wp-content/plugins/elementor-pro/assets/css/frontend-lite.min49eb.css]
[noticiasdodia.org/wp-content/plugins/ooohboi-steroids-for-elementor/assets/css/main85f5.css]
[noticiasdodia.org/wp-content/plugins/elementor/assets/lib/font-awesome/css/all.min1aae.css]
[noticiasdodia.org/wp-content/plugins/elementor/assets/lib/font-awesome/css/v4-shims.min1aae.css]
[noticiasdodia.org/comments/feed/index.html]
[noticiasdodia.org/wp-content/uploads/elementor/css/global0a93.css]
[noticiasdodia.org/wp-content/uploads/elementor/css/post-1205c30.css]
[noticiasdodia.org/wp-content/plugins/happy-elementor-addons/assets/fonts/style.min6b00.css]
[noticiasdodia.org/wp-content/plugins/elementor/assets/lib/font-awesome/css/font-awesome.min1849.css]
[noticiasdodia.org/wp-content/plugins/elementor/assets/lib/font-awesome/css/fontawesome.min52d5.css]
[noticiasdodia.org/wp-content/plugins/elementor/assets/lib/font-awesome/css/solid.min52d5.css]
[noticiasdodia.org/wp-includes/js/jquery/jquery.minaf6c.js]
[noticiasdodia.org/wp-includes/js/jquery/jquery-migrate.mind617.js]
[noticiasdodia.org/wp-content/plugins/elementor/assets/lib/font-awesome/js/v4-shims.min1aae.js]
[noticiasdodia.org/wp-json/index.html]
[noticiasdodia.org/wp-json/wp/v2/pages/120.json]
[noticiasdodia.org/xmlrpc0db0.php]
[noticiasdodia.org/wp-includes/wlwmanifest.xml]
[noticiasdodia.org/wp-json/oembed/1.0/embedf723.json]
[noticiasdodia.org/wp-json/oembed/1.0/embed64f5]
[ajax.googleapis.com/ajax/libs/jquery/2.1.3/jquery.min.js]
[noticiasdodia.org/wp-content/uploads/2021/08/cropped-favicon2-32x32.png]
[noticiasdodia.org/wp-content/uploads/2021/08/cropped-favicon2-192x192.png]
[noticiasdodia.org/wp-content/uploads/2021/08/cropped-favicon2-180x180.png]
[noticiasdodia.org/wp-content/plugins/elementor-pro/assets/css/widget-animated-headline.min.css]
[noticiasdodia.org/wp-content/uploads/2021/08/sibutraminne_frasco.png]
[noticiasdodia.org/wp-content/uploads/2021/08/sibu-anvisa.png]
[noticiasdodia.org/wp-content/uploads/2021/08/sibutraminne_frasco5.png]
[noticiasdodia.org/wp-content/uploads/2021/08/sibutraminne_frasco3.jpg]
[noticiasdodia.org/wp-content/uploads/2021/08/depo1.webp]
[noticiasdodia.org/wp-content/uploads/2021/08/depo2.webp]
[noticiasdodia.org/wp-content/uploads/2021/08/depo3.webp]
[noticiasdodia.org/wp-content/uploads/2021/08/depo4.webp]
[noticiasdodia.org/wp-content/uploads/2021/08/depo5.webp]
[noticiasdodia.org/wp-content/uploads/2021/08/depo6.webp]
[noticiasdodia.org/wp-content/uploads/2021/08/funciona1.jpg]
[noticiasdodia.org/wp-content/uploads/2021/08/funciona2.jpg]
[noticiasdodia.org/wp-content/uploads/2021/08/funciona3.jpg]
[noticiasdodia.org/wp-content/uploads/2021/08/funciona4.jpg]
[noticiasdodia.org/wp-content/uploads/2021/08/sib-03un.png]
[noticiasdodia.org/wp-content/uploads/2021/08/sib-06un.png]
[noticiasdodia.org/wp-content/uploads/2021/08/sib-01un.png]
[noticiasdodia.org/wp-content/uploads/2021/08/pagamento.webp]
[noticiasdodia.org/wp-content/uploads/2021/08/entregas.webp]
[noticiasdodia.org/wp-content/uploads/2021/08/garantia2.jpg]
[noticiasdodia.org/wp-content/themes/hello-elementor/assets/js/hello-frontend.min8a54.js]
[noticiasdodia.org/wp-content/plugins/ooohboi-steroids-for-elementor/assets/js/ooohboi-steroids-min6a2a.js]
[noticiasdodia.org/wp-content/plugins/happy-elementor-addons/assets/js/happy-addons.min6b00.js]
[noticiasdodia.org/wp-content/plugins/happy-elementor-addons-pro/assets/js/happy-addons-pro605a.js]
[noticiasdodia.org/wp-content/plugins/happy-elementor-addons/assets/vendor/anime/lib/anime.min6b00.js]
[noticiasdodia.org/wp-content/plugins/happy-elementor-addons/assets/vendor/jquery-match-height/jquery.matchHeight-min6b00.js]
[noticiasdodia.org/wp-content/plugins/elementor-pro/assets/js/webpack-pro.runtime.min49eb.js]
[noticiasdodia.org/wp-content/plugins/elementor/assets/js/webpack.runtime.min1aae.js]
[noticiasdodia.org/wp-content/plugins/elementor/assets/js/frontend-modules.min1aae.js]
[noticiasdodia.org/wp-content/plugins/elementor-pro/assets/js/frontend.min49eb.js]
[noticiasdodia.org/wp-content/plugins/elementor/assets/lib/waypoints/waypoints.min05da.js]
[noticiasdodia.org/wp-includes/js/jquery/ui/core.min0028.js]
[noticiasdodia.org/wp-content/plugins/elementor/assets/js/frontend.min1aae.js]
[noticiasdodia.org/index.html]
[noticiasdodia.org/wp-content/plugins/presto-player/dist/index.html]
[noticiasdodia.org/wp-includes/css/dist/block-library/style.min6dcf.css]
[noticiasdodia.org/wp-content/themes/hello-elementor/style.mina305.css]
[noticiasdodia.org/wp-content/themes/hello-elementor/theme.mina305.css]
[noticiasdodia.org/wp-content/plugins/elementor/assets/css/frontend-lite.min1aae.css]
[noticiasdodia.org/wp-content/uploads/elementor/css/post-60a93.css]
[noticiasdodia.org/wp-content/plugins/elementor-pro/assets/js/elements-handlers.min49eb.js]
[noticiasdodia.org/wp-content/plugins/elementor/assets/lib/eicons/fonts/eiconsc387.eot]
[noticiasdodia.org/wp-content/plugins/elementor/assets/lib/eicons/fonts/eiconsc387.woff2]
[noticiasdodia.org/wp-content/plugins/elementor/assets/lib/eicons/fonts/eiconsc387.woff]
[noticiasdodia.org/wp-content/plugins/elementor/assets/lib/eicons/fonts/eiconsc387.ttf]
[noticiasdodia.org/wp-content/plugins/elementor/assets/lib/eicons/css/elementor-icons.min05c8.css]
[noticiasdodia.org/wp-content/plugins/elementor-pro/assets/css/frontend-lite.min49eb.css]
[noticiasdodia.org/wp-content/plugins/ooohboi-steroids-for-elementor/assets/css/main85f5.css]
[noticiasdodia.org/wp-content/plugins/elementor/assets/lib/eicons/fonts/eiconsc387.svg]
[noticiasdodia.org/wp-content/plugins/elementor/assets/lib/font-awesome/webfonts/fa-brands-400.eot]
[noticiasdodia.org/wp-content/plugins/elementor/assets/lib/font-awesome/webfonts/fa-brands-400d41d.eot]
[noticiasdodia.org/wp-content/plugins/elementor/assets/lib/font-awesome/webfonts/fa-brands-400.woff2]
[noticiasdodia.org/wp-content/plugins/elementor/assets/lib/font-awesome/webfonts/fa-brands-400.woff]
[noticiasdodia.org/wp-content/plugins/elementor/assets/lib/font-awesome/webfonts/fa-brands-400.ttf]
[noticiasdodia.org/wp-content/plugins/elementor/assets/lib/font-awesome/webfonts/fa-regular-400.eot]
[noticiasdodia.org/wp-content/plugins/elementor/assets/lib/font-awesome/webfonts/fa-brands-400.svg]
[noticiasdodia.org/wp-content/plugins/elementor/assets/lib/font-awesome/webfonts/fa-regular-400d41d.eot]
[noticiasdodia.org/wp-content/plugins/elementor/assets/lib/font-awesome/webfonts/fa-regular-400.woff2]
[noticiasdodia.org/wp-content/plugins/elementor/assets/lib/font-awesome/webfonts/fa-regular-400.woff]
[noticiasdodia.org/wp-content/plugins/elementor/assets/lib/font-awesome/webfonts/fa-regular-400.ttf]
[noticiasdodia.org/wp-content/plugins/elementor/assets/lib/font-awesome/webfonts/fa-regular-400.svg]
[noticiasdodia.org/wp-content/plugins/elementor/assets/lib/font-awesome/webfonts/fa-solid-900.eot]
[noticiasdodia.org/wp-content/plugins/elementor/assets/lib/font-awesome/webfonts/fa-solid-900d41d.eot]
[noticiasdodia.org/wp-content/plugins/elementor/assets/lib/font-awesome/webfonts/fa-solid-900.woff2]
[noticiasdodia.org/wp-content/plugins/elementor/assets/lib/font-awesome/webfonts/fa-solid-900.woff]
[noticiasdodia.org/wp-content/plugins/elementor/assets/lib/font-awesome/webfonts/fa-solid-900.ttf]
[noticiasdodia.org/wp-content/plugins/elementor/assets/lib/font-awesome/css/all.min1aae.css]
[noticiasdodia.org/wp-content/plugins/elementor/assets/lib/font-awesome/css/v4-shims.min1aae.css]
[noticiasdodia.org/wp-content/uploads/elementor/css/global0a93.css]
[noticiasdodia.org/wp-content/plugins/elementor/assets/lib/font-awesome/webfonts/fa-solid-900.svg]
[noticiasdodia.org/wp-content/uploads/2021/08/bg4.jpg]
[noticiasdodia.org/wp-content/uploads/elementor/css/post-1205c30.css]
[noticiasdodia.org/wp-content/plugins/happy-elementor-addons/assets/fonts/happy-icons.woff2]
[noticiasdodia.org/wp-content/plugins/happy-elementor-addons/assets/fonts/happy-icons.woff]
[noticiasdodia.org/wp-content/plugins/happy-elementor-addons/assets/fonts/style.min6b00.css]
[noticiasdodia.org/wp-content/plugins/happy-elementor-addons/assets/fonts/happy-icons.svg]
[noticiasdodia.org/wp-content/plugins/elementor/assets/lib/font-awesome/fonts/fontawesome-webfont3e6e.eot]
[noticiasdodia.org/wp-content/plugins/elementor/assets/lib/font-awesome/fonts/fontawesome-webfontd41d.eot]
[noticiasdodia.org/wp-content/plugins/elementor/assets/lib/font-awesome/fonts/fontawesome-webfont3e6e.woff2]
[noticiasdodia.org/wp-content/plugins/elementor/assets/lib/font-awesome/fonts/fontawesome-webfont3e6e.woff]
[noticiasdodia.org/wp-content/plugins/elementor/assets/lib/font-awesome/fonts/fontawesome-webfont3e6e.ttf]
[noticiasdodia.org/wp-content/plugins/elementor/assets/lib/font-awesome/css/font-awesome.min1849.css]
[noticiasdodia.org/wp-content/plugins/elementor/assets/lib/font-awesome/css/fontawesome.min52d5.css]
[noticiasdodia.org/wp-content/plugins/elementor/assets/lib/font-awesome/css/solid.min52d5.css]
[noticiasdodia.org/wp-content/plugins/elementor-pro/assets/css/widget-animated-headline.min.css]
[noticiasdodia.org/wp-content/plugins/elementor/assets/lib/eicons/fonts/eiconsc387.svg]
[noticiasdodia.org/wp-content/plugins/elementor/assets/lib/font-awesome/webfonts/fa-brands-400.svg]
[noticiasdodia.org/wp-content/plugins/elementor/assets/lib/font-awesome/webfonts/fa-regular-400.svg]
[noticiasdodia.org/wp-content/plugins/elementor/assets/lib/font-awesome/webfonts/fa-solid-900.svg]
[noticiasdodia.org/wp-content/plugins/happy-elementor-addons/assets/fonts/happy-icons.svg]
[noticiasdodia.org/wp-content/plugins/elementor/assets/lib/font-awesome/fonts/fontawesome-webfont3e6e.svg]
[noticiasdodia.org/wp-content/plugins/elementor/assets/lib/font-awesome/fonts/fontawesome-webfont3e6e.svg]
